<?xml version="1.0" encoding="UTF-8"?>
<testsuites name="Mocha Tests" time="4.2900" tests="1" failures="0">
  <testsuite name="Root Suite" timestamp="2021-02-05T00:57:26" tests="0" file="cypress\integration\Cucumber\EaTest.feature" time="0.0000" failures="0">
  </testsuite>
  <testsuite name="EATest Feature" timestamp="2021-02-05T00:57:26" tests="1" time="4.2900" failures="0">
    <testcase name="EATest Feature Test the login feature" time="4.2900" classname="Test the login feature">
    </testcase>
  </testsuite>
</testsuites>